[    0.000000] Initializing cgroup subsys cpuset
[    0.000000] Initializing cgroup subsys cpu
[    0.000000] Initializing cgroup subsys cpuacct
[    0.000000] Linux version 4.4.0-141-generic (buildd@lcy01-amd64-027) (gcc version 5.4.0 20160609 (Ubuntu 5.4.0-6ubuntu1~16.04.10) ) #167-Ubuntu SMP Wed Dec 5 10:38:08 UTC 2018 (Ubuntu 4.4.0-141.167-generic 4.4.162)
[    0.000000] KERNEL supported cpus:
[    0.000000]   Intel GenuineIntel
[    0.000000]   AMD AuthenticAMD
[    0.000000]   NSC Geode by NSC
[    0.000000]   Cyrix CyrixInstead
[    0.000000]   Centaur CentaurHauls
[    0.000000]   Transmeta GenuineTMx86
[    0.000000]   Transmeta TransmetaCPU
[    0.000000]   UMC UMC UMC UMC
[    0.000000] x86/fpu: Legacy x87 FPU detected.
[    0.000000] e820: BIOS-provided physical RAM map:
[    0.000000] BIOS-e820: [mem 0x0000000000000000-0x000000000009fbff] usable
[    0.000000] BIOS-e820: [mem 0x000000000009fc00-0x000000000009ffff] reserved
[    0.000000] BIOS-e820: [mem 0x00000000000f0000-0x00000000000fffff] reserved
[    0.000000] BIOS-e820: [mem 0x0000000000100000-0x000000007ffeffff] usable
[    0.000000] BIOS-e820: [mem 0x000000007fff0000-0x000000007fffffff] ACPI data
[    0.000000] BIOS-e820: [mem 0x00000000fec00000-0x00000000fec00fff] reserved
[    0.000000] BIOS-e820: [mem 0x00000000fee00000-0x00000000fee00fff] reserved
[    0.000000] BIOS-e820: [mem 0x00000000fffc0000-0x00000000ffffffff] reserved
[    0.000000] NX (Execute Disable) protection: active
[    0.000000] SMBIOS 2.5 present.
[    0.000000] Hypervisor detected: KVM
[    0.000000] e820: last_pfn = 0x7fff0 max_arch_pfn = 0x1000000
[    0.000000] MTRR: Disabled
[    0.000000] x86/PAT: MTRRs disabled, skipping PAT initialization too.
[    0.000000] CPU MTRRs all blank - virtualized system.
[    0.000000] x86/PAT: Configuration [0-7]: WB  WT  UC- UC  WB  WT  UC- UC  
[    0.000000] found SMP MP-table at [mem 0x0009fff0-0x0009ffff] mapped at [c009fff0]
[    0.000000] Scanning 1 areas for low memory corruption
[    0.000000] RAMDISK: [mem 0x36318000-0x37183fff]
[    0.000000] ACPI: Early table checksum verification disabled
[    0.000000] ACPI: RSDP 0x00000000000E0000 000024 (v02 VBOX  )
[    0.000000] ACPI: XSDT 0x000000007FFF0030 00003C (v01 VBOX   VBOXXSDT 00000001 ASL  00000061)
[    0.000000] ACPI: FACP 0x000000007FFF00F0 0000F4 (v04 VBOX   VBOXFACP 00000001 ASL  00000061)
[    0.000000] ACPI: DSDT 0x000000007FFF0470 0021FF (v02 VBOX   VBOXBIOS 00000002 INTL 20100528)
[    0.000000] ACPI: FACS 0x000000007FFF0200 000040
[    0.000000] ACPI: FACS 0x000000007FFF0200 000040
[    0.000000] ACPI: APIC 0x000000007FFF0240 000054 (v02 VBOX   VBOXAPIC 00000001 ASL  00000061)
[    0.000000] ACPI: SSDT 0x000000007FFF02A0 0001CC (v01 VBOX   VBOXCPUT 00000002 INTL 20100528)
[    0.000000] 1155MB HIGHMEM available.
[    0.000000] 891MB LOWMEM available.
[    0.000000]   mapped low ram: 0 - 37bfe000
[    0.000000]   low ram: 0 - 37bfe000
[    0.000000] kvm-clock: Using msrs 4b564d01 and 4b564d00
[    0.000000] kvm-clock: cpu 0, msr 0:37bfd001, primary cpu clock
[    0.000000] kvm-clock: using sched offset of 4257271312 cycles
[    0.000000] clocksource: kvm-clock: mask: 0xffffffffffffffff max_cycles: 0x1cd42e4dffb, max_idle_ns: 881590591483 ns
[    0.000000] Zone ranges:
[    0.000000]   DMA      [mem 0x0000000000001000-0x0000000000ffffff]
[    0.000000]   Normal   [mem 0x0000000001000000-0x0000000037bfdfff]
[    0.000000]   HighMem  [mem 0x0000000037bfe000-0x000000007ffeffff]
[    0.000000] Movable zone start for each node
[    0.000000] Early memory node ranges
[    0.000000]   node   0: [mem 0x0000000000001000-0x000000000009efff]
[    0.000000]   node   0: [mem 0x0000000000100000-0x000000007ffeffff]
[    0.000000] Initmem setup node 0 [mem 0x0000000000001000-0x000000007ffeffff]
[    0.000000] Using APIC driver default
[    0.000000] ACPI: PM-Timer IO Port: 0x4008
[    0.000000] IOAPIC[0]: apic_id 1, version 32, address 0xfec00000, GSI 0-23
[    0.000000] ACPI: INT_SRC_OVR (bus 0 bus_irq 0 global_irq 2 dfl dfl)
[    0.000000] ACPI: INT_SRC_OVR (bus 0 bus_irq 9 global_irq 9 low level)
[    0.000000] Using ACPI (MADT) for SMP configuration information
[    0.000000] smpboot: Allowing 1 CPUs, 0 hotplug CPUs
[    0.000000] PM: Registered nosave memory: [mem 0x00000000-0x00000fff]
[    0.000000] PM: Registered nosave memory: [mem 0x0009f000-0x0009ffff]
[    0.000000] PM: Registered nosave memory: [mem 0x000a0000-0x000effff]
[    0.000000] PM: Registered nosave memory: [mem 0x000f0000-0x000fffff]
[    0.000000] e820: [mem 0x80000000-0xfebfffff] available for PCI devices
[    0.000000] Booting paravirtualized kernel on KVM
[    0.000000] clocksource: refined-jiffies: mask: 0xffffffff max_cycles: 0xffffffff, max_idle_ns: 7645519600211568 ns
[    0.000000] setup_percpu: NR_CPUS:8 nr_cpumask_bits:8 nr_cpu_ids:1 nr_node_ids:1
[    0.000000] PERCPU: Embedded 19 pages/cpu @f71c3000 s47436 r0 d30388 u77824
[    0.000000] PV qspinlock hash table entries: 512 (order: 0, 4096 bytes)
[    0.000000] Built 1 zonelists in Zone order, mobility grouping on.  Total pages: 521944
[    0.000000] Kernel command line: BOOT_IMAGE=/boot/vmlinuz-4.4.0-141-generic root=UUID=929138f2-c798-4813-986a-d20e3bb97623 ro console=tty1 console=ttyS0
[    0.000000] PID hash table entries: 4096 (order: 2, 16384 bytes)
[    0.000000] Dentry cache hash table entries: 131072 (order: 7, 524288 bytes)
[    0.000000] Inode-cache hash table entries: 65536 (order: 6, 262144 bytes)
[    0.000000] Initializing CPU#0
[    0.000000] Initializing HighMem for node 0 (00037bfe:0007fff0)
[    0.000000] Initializing Movable for node 0 (00000000:00000000)
[    0.000000] Memory: 2046448K/2096696K available (8052K kernel code, 778K rwdata, 3180K rodata, 952K init, 800K bss, 50248K reserved, 0K cma-reserved, 1183688K highmem)
[    0.000000] virtual kernel memory layout:
[    0.000000]     fixmap  : 0xfff15000 - 0xfffff000   ( 936 kB)
[    0.000000]     pkmap   : 0xffc00000 - 0xffe00000   (2048 kB)
[    0.000000]     vmalloc : 0xf83fe000 - 0xffbfe000   ( 120 MB)
[    0.000000]     lowmem  : 0xc0000000 - 0xf7bfe000   ( 891 MB)
[    0.000000]       .init : 0xc1bbe000 - 0xc1cac000   ( 952 kB)
[    0.000000]       .data : 0xc17dd3c4 - 0xc1bbc9c0   (3965 kB)
[    0.000000]       .text : 0xc1000000 - 0xc17dd3c4   (8052 kB)
[    0.000000] Checking if this processor honours the WP bit even in supervisor mode...Ok.
[    0.000000] SLUB: HWalign=64, Order=0-3, MinObjects=0, CPUs=1, Nodes=1
[    0.000000] Hierarchical RCU implementation.
[    0.000000] 	Build-time adjustment of leaf fanout to 32.
[    0.000000] 	RCU restricting CPUs from NR_CPUS=8 to nr_cpu_ids=1.
[    0.000000] RCU: Adjusting geometry for rcu_fanout_leaf=32, nr_cpu_ids=1
[    0.000000] NR_IRQS:2304 nr_irqs:256 16
[    0.000000] Console: colour VGA+ 80x25
[    0.000000] console [tty1] enabled
[    0.000000] console [ttyS0] enabled
[    0.000000] allocated 2097152 bytes of page_ext
[    0.000000] tsc: Detected 2527.004 MHz processor
[    0.408390] Calibrating delay loop (skipped) preset value.. 5054.00 BogoMIPS (lpj=10108016)
[    0.410213] pid_max: default: 32768 minimum: 301
[    0.411207] ACPI: Core revision 20150930
[    0.413429] ACPI: 2 ACPI AML tables successfully acquired and loaded
[    0.414840] Security Framework initialized
[    0.415758] Yama: becoming mindful.
[    0.416604] AppArmor: AppArmor initialized
[    0.417533] Mount-cache hash table entries: 2048 (order: 1, 8192 bytes)
[    0.418848] Mountpoint-cache hash table entries: 2048 (order: 1, 8192 bytes)
[    0.420455] Initializing cgroup subsys io
[    0.421352] Initializing cgroup subsys memory
[    0.422358] Initializing cgroup subsys devices
[    0.423308] Initializing cgroup subsys freezer
[    0.424297] Initializing cgroup subsys net_cls
[    0.425277] Initializing cgroup subsys perf_event
[    0.426267] Initializing cgroup subsys net_prio
[    0.427229] Initializing cgroup subsys hugetlb
[    0.428220] Initializing cgroup subsys pids
[    0.429246] mce: CPU supports 0 MCE banks
[    0.430150] process: using mwait in idle threads
[    0.431153] Last level iTLB entries: 4KB 512, 2MB 7, 4MB 7
[    0.432288] Last level dTLB entries: 4KB 512, 2MB 32, 4MB 32, 1GB 0
[    0.433531] Spectre V2 : Mitigation: Full generic retpoline
[    0.434636] Spectre V2 : Spectre v2 mitigation: Speculation control IBPB not-supported IBRS not-supported
[    0.436371] Spectre V2 : Spectre v2 / SpectreRSB mitigation: Filling RSB on context switch
[    0.438381] Speculative Store Bypass: Vulnerable
[    0.466898] Freeing SMP alternatives memory: 32K
[    0.477346] ftrace: allocating 31566 entries in 62 pages
[    0.555728] smpboot: APIC(0) Converting physical 0 to logical package 0
[    0.562244] smpboot: Max logical packages: 1
[    0.563183] Enabling APIC mode:  Flat.  Using 1 I/O APICs
[    0.565605] ..TIMER: vector=0x30 apic1=0 pin1=2 apic2=-1 pin2=-1
[    0.672576] smpboot: CPU0: Intel(R) Core(TM) i5 CPU       M 460  @ 2.53GHz (family: 0x6, model: 0x25, stepping: 0x5)
[    0.686903] Performance Events: unsupported p6 CPU model 37 no PMU driver, software events only.
[    0.693025] KVM setup paravirtual spinlock
[    0.695769] x86: Booted up 1 node, 1 CPUs
[    0.699518] smpboot: Total of 1 processors activated (5054.00 BogoMIPS)
[    0.702601] devtmpfs: initialized
[    0.706525] evm: security.selinux
[    0.710230] evm: security.SMACK64
[    0.714055] evm: security.SMACK64EXEC
[    0.715840] evm: security.SMACK64TRANSMUTE
[    0.717534] evm: security.SMACK64MMAP
[    0.720228] evm: security.ima
[    0.721588] evm: security.capability
[    0.723419] clocksource: jiffies: mask: 0xffffffff max_cycles: 0xffffffff, max_idle_ns: 7645041785100000 ns
[    0.730244] futex hash table entries: 256 (order: 2, 16384 bytes)
[    0.732691] pinctrl core: initialized pinctrl subsystem
[    0.736544] RTC time: 17:29:06, date: 01/06/19
[    0.738341] NET: Registered protocol family 16
[    0.741539] EISA bus registered
[    0.742903] cpuidle: using governor ladder
[    0.744736] cpuidle: using governor menu
[    0.748511] PCCT header not found.
[    0.750192] ACPI: bus type PCI registered
[    0.751919] acpiphp: ACPI Hot Plug PCI Controller Driver version: 0.5
[    0.755106] PCI : PCI BIOS area is rw and x. Use pci=nobios if you want it NX.
[    0.758276] PCI: PCI BIOS revision 2.10 entry at 0xfda26, last bus=0
[    0.760633] PCI: Using configuration type 1 for base access
[    0.765515] ACPI: Added _OSI(Module Device)
[    0.768362] ACPI: Added _OSI(Processor Device)
[    0.770301] ACPI: Added _OSI(3.0 _SCP Extensions)
[    0.772117] ACPI: Added _OSI(Processor Aggregator Device)
[    0.777732] ACPI: Executed 1 blocks of module-level executable AML code
[    0.787862] ACPI: Interpreter enabled
[    0.789641] ACPI: (supports S0 S5)
[    0.793102] ACPI: Using IOAPIC for interrupt routing
[    0.795310] PCI: Using host bridge windows from ACPI; if necessary, use "pci=nocrs" and report a bug
[    0.809786] ACPI: PCI Root Bridge [PCI0] (domain 0000 [bus 00-ff])
[    0.816398] acpi PNP0A03:00: _OSC: OS supports [ASPM ClockPM Segments MSI]
[    0.819200] acpi PNP0A03:00: _OSC: not requesting OS control; OS requires [ExtendedConfig ASPM ClockPM MSI]
[    0.823358] acpi PNP0A03:00: fail to add MMCONFIG information, can't access extended PCI configuration space under this bridge.
[    0.842521] PCI host bridge to bus 0000:00
[    0.848550] pci_bus 0000:00: root bus resource [io  0x0000-0x0cf7 window]
[    0.858398] pci_bus 0000:00: root bus resource [io  0x0d00-0xffff window]
[    0.866411] pci_bus 0000:00: root bus resource [mem 0x000a0000-0x000bffff window]
[    0.874398] pci_bus 0000:00: root bus resource [mem 0x80000000-0xfdffffff window]
[    0.890260] pci_bus 0000:00: root bus resource [bus 00-ff]
[    0.898800] pci 0000:00:01.1: legacy IDE quirk: reg 0x10: [io  0x01f0-0x01f7]
[    0.909467] pci 0000:00:01.1: legacy IDE quirk: reg 0x14: [io  0x03f6]
[    0.916469] pci 0000:00:01.1: legacy IDE quirk: reg 0x18: [io  0x0170-0x0177]
[    0.917826] pci 0000:00:01.1: legacy IDE quirk: reg 0x1c: [io  0x0376]
[    0.967739] pci 0000:00:07.0: quirk: [io  0x4000-0x403f] claimed by PIIX4 ACPI
[    0.969591] pci 0000:00:07.0: quirk: [io  0x4100-0x410f] claimed by PIIX4 SMB
[    1.002688] ACPI: PCI Interrupt Link [LNKA] (IRQs 5 9 10 *11)
[    1.007869] ACPI: PCI Interrupt Link [LNKB] (IRQs 5 9 *10 11)
[    1.015517] ACPI: PCI Interrupt Link [LNKC] (IRQs 5 *9 10 11)
[    1.018628] ACPI: PCI Interrupt Link [LNKD] (IRQs 5 9 10 *11)
[    1.032786] ACPI: Enabled 2 GPEs in block 00 to 07
[    1.038033] vgaarb: setting as boot device: PCI:0000:00:02.0
[    1.042533] vgaarb: device added: PCI:0000:00:02.0,decodes=io+mem,owns=io+mem,locks=none
[    1.047078] vgaarb: loaded
[    1.049957] vgaarb: bridge control possible 0000:00:02.0
[    1.052447] SCSI subsystem initialized
[    1.056273] ACPI: bus type USB registered
[    1.058075] usbcore: registered new interface driver usbfs
[    1.063624] usbcore: registered new interface driver hub
[    1.070387] usbcore: registered new device driver usb
[    1.072651] PCI: Using ACPI for IRQ routing
[    1.079389] NetLabel: Initializing
[    1.085616] NetLabel:  domain hash size = 128
[    1.093569] NetLabel:  protocols = UNLABELED CIPSOv4
[    1.098806] NetLabel:  unlabeled traffic allowed by default
[    1.100140] amd_nb: Cannot enumerate AMD northbridges
[    1.101299] clocksource: Switched to clocksource kvm-clock
[    1.113482] AppArmor: AppArmor Filesystem Enabled
[    1.114923] pnp: PnP ACPI init
[    1.116790] pnp: PnP ACPI: found 3 devices
[    1.117773] PnPBIOS: Disabled by ACPI PNP
[    1.157358] clocksource: acpi_pm: mask: 0xffffff max_cycles: 0xffffff, max_idle_ns: 2085701024 ns
[    1.161525] NET: Registered protocol family 2
[    1.163203] TCP established hash table entries: 8192 (order: 3, 32768 bytes)
[    1.164718] TCP bind hash table entries: 8192 (order: 4, 65536 bytes)
[    1.166177] TCP: Hash tables configured (established 8192 bind 8192)
[    1.170286] UDP hash table entries: 512 (order: 2, 16384 bytes)
[    1.172007] UDP-Lite hash table entries: 512 (order: 2, 16384 bytes)
[    1.174067] NET: Registered protocol family 1
[    1.175381] pci 0000:00:00.0: Limiting direct PCI/PCI transfers
[    1.177283] pci 0000:00:01.0: Activating ISA DMA hang workarounds
[    1.179286] Unpacking initramfs...
[    1.510587] Freeing initrd memory: 14768K
[    1.517547] platform rtc_cmos: registered platform RTC device (no PNP device found)
[    1.526884] Scanning for low memory corruption every 60 seconds
[    1.530230] audit: initializing netlink subsys (disabled)
[    1.533727] audit: type=2000 audit(1546795752.003:1): initialized
[    1.539479] Initialise system trusted keyring
[    1.542513] HugeTLB registered 2 MB page size, pre-allocated 0 pages
[    1.546607] zbud: loaded
[    1.547954] VFS: Disk quotas dquot_6.6.0
[    1.554253] VFS: Dquot-cache hash table entries: 1024 (order 0, 4096 bytes)
[    1.564360] squashfs: version 4.0 (2009/01/31) Phillip Lougher
[    1.568576] fuse init (API version 7.23)
[    1.570419] Key type big_key registered
[    1.572086] Allocating IMA MOK and blacklist keyrings.
[    1.574500] Key type asymmetric registered
[    1.576165] Asymmetric key parser 'x509' registered
[    1.580886] bounce: pool size: 64 pages
[    1.582626] Block layer SCSI generic (bsg) driver version 0.4 loaded (major 249)
[    1.589995] io scheduler noop registered
[    1.593401] io scheduler deadline registered (default)
[    1.595607] io scheduler cfq registered
[    1.597414] pci_hotplug: PCI Hot Plug PCI Core version: 0.5
[    1.602292] pciehp: PCI Express Hot Plug Controller Driver version: 0.4
[    1.605154] ACPI: AC Adapter [AC] (on-line)
[    1.610077] input: Power Button as /devices/LNXSYSTM:00/LNXPWRBN:00/input/input0
[    1.614850] ACPI: Power Button [PWRF]
[    1.616392] input: Sleep Button as /devices/LNXSYSTM:00/LNXSLPBN:00/input/input1
[    1.619802] ACPI: Sleep Button [SLPF]
[    1.623841] GHES: HEST is not enabled!
[    1.625602] isapnp: Scanning for PnP cards...
[    1.633113] Serial: 8250/16550 driver, 32 ports, IRQ sharing enabled
[    1.704192] 00:02: ttyS0 at I/O 0x3f8 (irq = 4, base_baud = 115200) is a 16550A
[    1.718105] Linux agpgart interface v0.103
[    1.767875] loop: module loaded
[    1.774587] scsi host0: ata_piix
[    1.775452] scsi host1: ata_piix
[    1.776267] ata1: PATA max UDMA/33 cmd 0x1f0 ctl 0x3f6 bmdma 0xd000 irq 14
[    1.777573] ata2: PATA max UDMA/33 cmd 0x170 ctl 0x376 bmdma 0xd008 irq 15
[    1.785527] libphy: Fixed MDIO Bus: probed
[    1.791371] tun: Universal TUN/TAP device driver, 1.6
[    1.799271] tun: (C) 1999-2004 Max Krasnyansky <maxk@qualcomm.com>
[    1.857375] PPP generic driver version 2.4.2
[    1.863615] ehci_hcd: USB 2.0 'Enhanced' Host Controller (EHCI) Driver
[    1.870636] ehci-pci: EHCI PCI platform driver
[    1.871609] ehci-platform: EHCI generic platform driver
[    1.872676] ohci_hcd: USB 1.1 'Open' Host Controller (OHCI) Driver
[    1.873936] ohci-pci: OHCI PCI platform driver
[    1.874901] ohci-platform: OHCI generic platform driver
[    1.875984] uhci_hcd: USB Universal Host Controller Interface driver
[    1.877373] i8042: PNP: PS/2 Controller [PNP0303:PS2K,PNP0f03:PS2M] at 0x60,0x64 irq 1,12
[    1.880469] serio: i8042 KBD port at 0x60,0x64 irq 1
[    1.881533] serio: i8042 AUX port at 0x60,0x64 irq 12
[    1.882763] mousedev: PS/2 mouse device common for all mice
[    1.884362] input: AT Translated Set 2 keyboard as /devices/platform/i8042/serio0/input/input2
[    1.886661] rtc_cmos rtc_cmos: rtc core: registered rtc_cmos as rtc0
[    1.887953] rtc_cmos rtc_cmos: alarms up to one day, 114 bytes nvram
[    1.889186] i2c /dev entries driver
[    1.890097] device-mapper: uevent: version 1.0.3
[    1.891155] device-mapper: ioctl: 4.34.0-ioctl (2015-10-28) initialised: dm-devel@redhat.com
[    1.945869] platform eisa.0: Probing EISA bus 0
[    1.951726] platform eisa.0: EISA: Cannot allocate resource for mainboard
[    1.953044] platform eisa.0: Cannot allocate resource for EISA slot 1
[    1.962325] platform eisa.0: Cannot allocate resource for EISA slot 2
[    1.963577] platform eisa.0: Cannot allocate resource for EISA slot 3
[    1.964824] platform eisa.0: Cannot allocate resource for EISA slot 4
[    1.966094] platform eisa.0: Cannot allocate resource for EISA slot 5
[    1.972040] platform eisa.0: Cannot allocate resource for EISA slot 6
[    2.026395] platform eisa.0: Cannot allocate resource for EISA slot 7
[    2.031940] platform eisa.0: Cannot allocate resource for EISA slot 8
[    2.033174] platform eisa.0: EISA: Detected 0 cards
[    2.034265] cpufreq-nforce2: No nForce2 chipset.
[    2.035244] ledtrig-cpu: registered to indicate activity on CPUs
[    2.038736] NET: Registered protocol family 10
[    2.048279] NET: Registered protocol family 17
[    2.056061] Key type dns_resolver registered
[    2.063857] Using IPI No-Shortcut mode
[    2.116342] registered taskstats version 1
[    2.127728] Loading compiled-in X.509 certificates
[    2.140708] Loaded X.509 cert 'Build time autogenerated kernel key: 8ee7231a1e42e4b4a17d0e4b95c66ffe15d3b32e'
[    2.149617] zswap: loaded using pool lzo/zbud
[    2.204342] Key type trusted registered
[    2.208905] Key type encrypted registered
[    2.210217] AppArmor: AppArmor sha1 policy hashing enabled
[    2.211802] ima: No TPM chip found, activating TPM-bypass!
[    2.213118] ima: Allocated hash algorithm: sha1
[    2.219897] evm: HMAC attrs: 0x1
[    2.225202]   Magic number: 3:149:491
[    2.277103] isapnp: No Plug & Play device found
[    2.284354] rtc_cmos rtc_cmos: setting system clock to 2019-01-06 17:29:07 UTC (1546795747)
[    2.305986] BIOS EDD facility v0.16 2004-Jun-25, 0 devices found
[    2.321214] EDD information not available.
[    2.329803] Freeing unused kernel memory: 952K
[    2.349411] Write protecting the kernel text: 8056k
[    2.352036] Write protecting the kernel read-only data: 3184k
[    2.353162] NX-protecting the kernel data: 6280k
Loading, please wait...
starting version 229
[    2.374100] random: systemd-udevd: uninitialized urandom read (16 bytes read, 1 bits of entropy available)
[    2.376303] random: systemd-udevd: uninitialized urandom read (16 bytes read, 1 bits of entropy available)
[    2.378513] random: udevadm: uninitialized urandom read (16 bytes read, 1 bits of entropy available)
[    2.382274] random: systemd-udevd: uninitialized urandom read (16 bytes read, 1 bits of entropy available)
[    2.407344] random: udevadm: uninitialized urandom read (16 bytes read, 1 bits of entropy available)
[    2.435792] random: udevadm: uninitialized urandom read (16 bytes read, 1 bits of entropy available)
[    2.465543] random: udevadm: uninitialized urandom read (16 bytes read, 1 bits of entropy available)
[    2.480163] random: udevadm: uninitialized urandom read (16 bytes read, 1 bits of entropy available)
[    2.482999] random: udevadm: uninitialized urandom read (16 bytes read, 1 bits of entropy available)
[    2.485822] random: udevadm: uninitialized urandom read (16 bytes read, 1 bits of entropy available)
[    2.514061] tsc: Refined TSC clocksource calibration: 2530.086 MHz
[    2.516026] clocksource: tsc: mask: 0xffffffffffffffff max_cycles: 0x24783f0028f, max_idle_ns: 440795249228 ns
[    2.581035] Fusion MPT base driver 3.04.20
[    2.582144] Copyright (c) 1999-2008 LSI Corporation
[    2.605439] e1000: Intel(R) PRO/1000 Network Driver - version 7.3.21-k8-NAPI
[    2.610714] e1000: Copyright (c) 1999-2006 Intel Corporation.
[    2.675553] Fusion MPT SPI Host driver 3.04.20
[    2.835430] input: ImExPS/2 Generic Explorer Mouse as /devices/platform/i8042/serio1/input/input4
[    3.051105] e1000 0000:00:03.0 eth0: (PCI:33MHz:32-bit) 02:44:d1:47:4b:d5
[    3.056660] e1000 0000:00:03.0 eth0: Intel(R) PRO/1000 Network Connection
[    3.062052] mptbase: ioc0: Initiating bringup
[    3.126190] ioc0: LSI53C1030 A0: Capabilities={Initiator}
[    3.291839] scsi host2: ioc0: LSI53C1030 A0, FwRev=00000000h, Ports=1, MaxQ=256, IRQ=20
[    3.407965] scsi 2:0:0:0: Direct-Access     VBOX     HARDDISK         1.0  PQ: 0 ANSI: 5
[    3.414743] scsi target2:0:0: Beginning Domain Validation
[    3.421376] scsi target2:0:0: Domain Validation skipping write tests
[    3.424933] scsi target2:0:0: Ending Domain Validation
[    3.427501] scsi target2:0:0: asynchronous
[    3.429990] scsi 2:0:1:0: Direct-Access     VBOX     HARDDISK         1.0  PQ: 0 ANSI: 5
[    3.448754] scsi target2:0:1: Beginning Domain Validation
[    3.507734] scsi target2:0:1: Domain Validation skipping write tests
[    3.514473] scsi target2:0:1: Ending Domain Validation
[    3.533306] scsi target2:0:1: asynchronous
[    3.668762] sd 2:0:0:0: Attached scsi generic sg0 type 0
[    3.679390] sd 2:0:0:0: [sda] 20971520 512-byte logical blocks: (10.7 GB/10.0 GiB)
[    3.703471] sd 2:0:0:0: [sda] Write Protect is off
[    3.710295] sd 2:0:1:0: [sdb] 20480 512-byte logical blocks: (10.5 MB/10.0 MiB)
[    3.717682] sd 2:0:1:0: Attached scsi generic sg1 type 0
[    3.728300] sd 2:0:1:0: [sdb] Write Protect is off
[    3.729344] sd 2:0:0:0: [sda] Incomplete mode parameter data
[    3.730543] sd 2:0:0:0: [sda] Assuming drive cache: write through
[    3.736222] sd 2:0:1:0: [sdb] Incomplete mode parameter data
[    3.737351] sd 2:0:1:0: [sdb] Assuming drive cache: write through
[    3.740066]  sda: sda1
[    3.741414] sd 2:0:0:0: [sda] Attached SCSI disk
[    3.748031] sd 2:0:1:0: [sdb] Attached SCSI disk
[    3.886379] e1000 0000:00:08.0 eth1: (PCI:33MHz:32-bit) 08:00:27:ed:1d:70
[    3.892543] e1000 0000:00:08.0 eth1: Intel(R) PRO/1000 Network Connection
[    3.896496] e1000 0000:00:08.0 enp0s8: renamed from eth1
[    3.901139] e1000 0000:00:03.0 enp0s3: renamed from eth0
Begin: Loading essential drivers ... [    5.258962] md: linear personality registered for level -1
[    5.267648] md: multipath personality registered for level -4
[    5.276476] md: raid0 personality registered for level 0
[    5.288857] md: raid1 personality registered for level 1
[    5.369423] raid6: mmxx1    gen()  2876 MB/s
[    5.445543] raid6: mmxx2    gen()  4463 MB/s
[    5.525579] raid6: sse1x1   gen()  3385 MB/s
[    5.605602] raid6: sse1x2   gen()  3978 MB/s
[    5.677777] raid6: sse2x1   gen()  6741 MB/s
[    5.749983] raid6: sse2x1   xor()  5351 MB/s
[    5.818287] raid6: sse2x2   gen()  7116 MB/s
[    5.885659] raid6: sse2x2   xor()  6022 MB/s
[    5.889560] raid6: using algorithm sse2x2 gen() 7116 MB/s
[    5.891883] raid6: .... xor() 6022 MB/s, rmw enabled
[    5.894019] raid6: using ssse3x1 recovery algorithm
[    5.901190] xor: measuring software checksum speed
[    5.942250]    pIII_sse  : 11735.000 MB/sec
[    5.990046]    prefetch64-sse: 13356.000 MB/sec
[    5.993903] xor: using function: prefetch64-sse (13356.000 MB/sec)
[    5.999723] async_tx: api initialized (async)
[    6.027661] md: raid6 personality registered for level 6
[    6.028943] md: raid5 personality registered for level 5
[    6.030092] md: raid4 personality registered for level 4
[    6.041558] md: raid10 personality registered for level 10
done.
Begin: Running /scripts/init-premount ... done.
Begin: Mounting root file system ... Begin: Running /scripts/local-top ... done.
Begin: Running /scripts/local-premount ... [    6.109733] Btrfs loaded
Scanning for Btrfs filesystems
done.
Warning: fsck not present, so skipping root file system
[    6.172300] EXT4-fs (sda1): mounted filesystem with ordered data mode. Opts: (null)
done.
Begin: Running /scripts/local-bottom ... done.
Begin: Running /scripts/init-bottom ... done.
[    6.453217] systemd[1]: systemd 229 running in system mode. (+PAM +AUDIT +SELINUX +IMA +APPARMOR +SMACK +SYSVINIT +UTMP +LIBCRYPTSETUP +GCRYPT +GNUTLS +ACL +XZ -LZ4 +SECCOMP +BLKID +ELFUTILS +KMOD -IDN)
[    6.466410] systemd[1]: Detected virtualization oracle.
[    6.471690] systemd[1]: Detected architecture x86.

Welcome to [1mUbuntu 16.04.5 LTS[0m!

[    6.488507] systemd[1]: Set hostname to <kouosl>.
[    6.867105] systemd[1]: Started Forward Password Requests to Wall Directory Watch.
[[0;32m  OK  [0m] Started Forward Password Requests to Wall Directory Watch.
[    6.872547] systemd[1]: Listening on /dev/initctl Compatibility Named Pipe.
[[0;32m  OK  [0m] Listening on /dev/initctl Compatibility Named Pipe.
[    6.877228] systemd[1]: Started Trigger resolvconf update for networkd DNS.
[[0;32m  OK  [0m] Started Trigger resolvconf update for networkd DNS.
[    6.882479] systemd[1]: Reached target Swap.
[[0;32m  OK  [0m] Reached target Swap.
[    6.885840] systemd[1]: Listening on Syslog Socket.
[[0;32m  OK  [0m] Listening on Syslog Socket.
[    6.889545] systemd[1]: Reached target Encrypted Volumes.
[[0;32m  OK  [0m] Reached target Encrypted Volumes.
[    6.893581] systemd[1]: Set up automount Arbitrary Executable File Formats File System Automount Point.
[[0;32m  OK  [0m] Set up automount Arbitrary Executab...ats File System Automount Point.
[    6.901166] systemd[1]: Listening on udev Kernel Socket.
[[0;32m  OK  [0m] Listening on udev Kernel Socket.
[    6.905991] systemd[1]: Listening on LVM2 poll daemon socket.
[[0;32m  OK  [0m] Listening on LVM2 poll daemon socket.
[    6.910375] systemd[1]: Listening on udev Control Socket.
[[0;32m  OK  [0m] Listening on udev Control Socket.
[    6.914984] systemd[1]: Listening on Journal Audit Socket.
[[0;32m  OK  [0m] Listening on Journal Audit Socket.
[    6.920046] systemd[1]: Listening on Journal Socket (/dev/log).
[[0;32m  OK  [0m] Listening on Journal Socket (/dev/log).
[    6.932958] systemd[1]: Listening on Journal Socket.
[[0;32m  OK  [0m] Listening on Journal Socket.
[    6.935619] systemd[1]: Listening on Device-mapper event daemon FIFOs.
[[0;32m  OK  [0m] Listening on Device-mapper event daemon FIFOs.
[    6.938601] systemd[1]: Reached target User and Group Name Lookups.
[[0;32m  OK  [0m] Reached target User and Group Name Lookups.
[    6.941884] systemd[1]: Created slice User and Session Slice.
[[0;32m  OK  [0m] Created slice User and Session Slice.
[    6.944617] systemd[1]: Reached target System Time Synchronized.
[[0;32m  OK  [0m] Reached target System Time Synchronized.
[    6.947494] systemd[1]: Listening on LVM2 metadata daemon socket.
[[0;32m  OK  [0m] Listening on LVM2 metadata daemon socket.
[    6.950634] systemd[1]: Created slice System Slice.
[[0;32m  OK  [0m] Created slice System Slice.
[    6.953452] systemd[1]: Created slice system-serial\x2dgetty.slice.
[[0;32m  OK  [0m] Created slice system-serial\x2dgetty.slice.
[    6.957291] systemd[1]: Starting Set console keymap...
         Starting Set console keymap...
[    6.960390] systemd[1]: Starting Monitoring of LVM2 mirrors, snapshots etc. using dmeventd or progress polling...
         Starting Monitoring of LVM2 mirrors... dmeventd or progress polling...
[    6.972262] systemd[1]: Starting Uncomplicated firewall...
         Starting Uncomplicated firewall...
[    6.980802] systemd[1]: Starting Nameserver information manager...
         Starting Nameserver information manager...
[    6.992661] systemd[1]: Reached target Slices.
[[0;32m  OK  [0m] Reached target Slices.
[    7.004295] systemd[1]: Starting Create list of required static device nodes for the current kernel...
         Starting Create list of required st... nodes for the current kernel...
[    7.016149] systemd[1]: Mounting Debug File System...
         Mounting Debug File System...
[    7.032955] systemd[1]: Starting Remount Root and Kernel File Systems...
         Starting Remount Root and Kernel File Systems...
[    7.060649] systemd[1]: Starting Journal Service...
         Starting Journal Service...
[    7.067587] systemd[1]: Mounting POSIX Message Queue File System...
         [    7.070970] EXT4-fs (sda1): re-mounted. Opts: (null)
Mounting POSIX Message Queue File System...
[    7.094619] systemd[1]: Mounting Huge Pages File System...
         Mounting Huge Pages File System...
[    7.103792] systemd[1]: Starting Load Kernel Modules...
         Starting Load Kernel Modules...
[    7.113494] systemd[1]: Mounted Debug File System.
[[0;32m  OK  [0m] Mounted Debug File System.
[    7.126239] systemd[1]: Mounted POSIX Message Queue File System.
[[0;32m  OK  [0m] Mounted POSIX Message Queue File System.
[    7.155063] systemd[1]: Mounted Huge Pages File System.
[    7.165355] Loading iSCSI transport class v2.0-870.
[[0;32m  OK  [0m] Mounted Huge Pages File System.
[    7.174846] systemd[1]: Started Uncomplicated firewall.
[[0;32m  OK  [0m] Started Uncomplicated firewall.
[    7.190964] systemd[1]: Started Create list of required static device nodes for the current kernel.
[[0;32m  OK  [0m] Started Create list of required sta...ce nodes for the current kernel.
[    7.211804] systemd[1]: Started Remount Root and Kernel File Systems.
[[0;32m  OK  [0m] Started Remount Root and Kernel File Systems.
[    7.232054] systemd[1]: Started Nameserver information manager.
[[0;32m  OK  [0m] Started Nameserver information manager.
[    7.252130] systemd[1]: Started Journal Service.
[[0;32m  OK  [0m] Started Journal Service.
[    7.287932] iscsi: registered transport (tcp)
[[0;32m  OK  [0m] Started Set console keymap.
[    7.447578] iscsi: registered transport (iser)
[[0;32m  OK  [0m] Started Load Kernel Modules.
         Mounting FUSE Control File System...
         Starting Apply Kernel Variables...
[[0;32m  OK  [0[    7.508463] random: nonblocking pool is initialized
m] Started LVM2 metadata daemon.
         Starting Load/Save Random Seed...
         Starting udev Coldplug all Devices...
         Starting Flush Journal to Persistent Storage...
         Starting Create Static Device Nodes in /dev...
[[0;32m  OK  [0m] Mounted FUSE Control File System.
[[0;32m  OK  [0m] Started Apply Kernel Variables.
[[0;32m  OK  [0m] Started Load/Save Random Seed.
[[0;32m  OK  [0m] Started Create Static Device Nodes in /dev.
[[0;32m  OK  [0m] Started udev Coldplug all Devices.
[[0;32m  OK  [0m] Started Flush Journal to Persistent Storage.
         Starting udev Kernel Device Manager...
[[0;32m  OK  [0m] Started Monitoring of LVM2 mirrors,...ng dmeventd or progress polling.
[[0;32m  OK  [0m] Reached target Local File Systems (Pre).
[[0;32m  OK  [0m] Reached target Local File Systems.
         Starting Create Volatile Files and Directories...
         Starting LSB: AppArmor initialization...
         Starting Set console font and keymap...
         Starting Initial cloud-init job (pre-networking)...
         Starting Tell Plymouth To Write Out Runtime Data...
[[0;32m  OK  [0m] Started udev Kernel Device Manager.
[[0;32m  OK  [0m] Started Create Volatile Files and Directories.
[[0;32m  OK  [0m] Started Tell Plymouth To Write Out Runtime Data.
         Starting Update UTMP about System Boot/Shutdown...
[[0;32m  OK  [0m] Started Dispatch Password Requests to Console Directory Watch.
[[0;32m  OK  [0m] Started Update UTMP about System Boot/Shutdown.
[[0;32m  OK  [0m] Started LSB: AppArmor initialization.
[[0;32m  OK  [0m] Found device /dev/ttyS0.
[[0;32m  OK  [0m] Started Set console font and keymap.
[[0;32m  OK  [0m] Created slice system-getty.slice.
[[0;32m  OK  [0m] Found device 82540EM Gigabit Ethern...r (PRO/1000 MT Desktop Adapter).
[[0;32m  OK  [0m] Listening on Load/Save RF Kill Switch Status /dev/rfkill Watch.
[[0;32m  OK  [0m] Found device 82540EM Gigabit Ethern...r (PRO/1000 MT Desktop Adapter).
[    9.854266] cloud-init[490]: Cloud-init v. 18.4-0ubuntu1~16.04.2 running 'init-local' at Sun, 06 Jan 2019 17:29:14 +0000. Up 9.08 seconds.
[[0;32m  OK  [0m] Started Initial cloud-init job (pre-networking).
[[0;32m  OK  [0m] Reached target Network (Pre).
         Starting Raise network interfaces...
[[0;32m  OK  [0m] Started ifup for enp0s3.
[[0;32m  OK  [0m] Started ifup for enp0s8.
[[0;32m  OK  [0m] Started Raise network interfaces.
[[0;32m  OK  [0m] Reached target Network.
         Starting Initial cloud-init job (metadata service crawler)...
[   11.496805] cloud-init[1067]: Cloud-init v. 18.4-0ubuntu1~16.04.2 running 'init' at Sun, 06 Jan 2019 17:29:16 +0000. Up 10.99 seconds.
[   11.510877] cloud-init[1067]: ci-info: ++++++++++++++++++++++++++++++++++++++Net device info+++++++++++++++++++++++++++++++++++++++
[   11.525152] cloud-init[1067]: ci-info: +--------+------+-----------------------------+---------------+--------+-------------------+
[   11.535746] cloud-init[1067]: ci-info: | Device |  Up  |           Address           |      Mask     | Scope  |     Hw-Address    |
[   11.554502] cloud-init[1067]: ci-info: +--------+------+-----------------------------+---------------+--------+-------------------+
[   11.573536] cloud-init[1067]: ci-info: | enp0s3 | True |          10.0.2.15          | 255.255.255.0 | global | 02:44:d1:47:4b:d5 |
[   11.585387] cloud-init[1067]: ci-info: | enp0s3 | True |  fe80::44:d1ff:fe47:4bd5/64 |       .       |  link  | 02:44:d1:47:4b:d5 |
[   11.593856] cloud-init[1067]: ci-info: | enp0s8 | True |        192.168.83.137       | 255.255.255.0 | global | 08:00:27:ed:1d:70 |
[   11.605712] cloud-init[1067]: ci-info: | enp0s8 | True | fe80::a00:27ff:feed:1d70/64 |       .       |  link  | 08:00:27:ed:1d:70 |
[   11.613412] cloud-init[1067]: ci-info: |   lo   | True |          127.0.0.1          |   255.0.0.0   |  host  |         .         |
[   11.638528] cloud-init[1067]: ci-info: |   lo   | True |           ::1/128           |       .       |  host  |         .         |
[   11.664489] cloud-init[1067]: ci-info: +--------+------+-----------------------------+---------------+--------+-------------------+
[   11.680848] cloud-init[1067]: ci-info: ++++++++++++++++++++++++++++Route IPv4 info++++++++++++++++++++++++++++
[   11.697401] cloud-init[1067]: ci-info: +-------+--------------+----------+---------------+-----------+-------+
[   11.705607] cloud-init[1067]: ci-info: | Route | Destination  | Gateway  |    Genmask    | Interface | Flags |
[   11.714113] cloud-init[1067]: ci-info: +-------+--------------+----------+---------------+-----------+-------+
[   11.726199] cloud-init[1067]: ci-info: |   0   |   0.0.0.0    | 10.0.2.2 |    0.0.0.0    |   enp0s3  |   UG  |
[   11.736785] cloud-init[1067]: ci-info: |   1   |   10.0.2.0   | 0.0.0.0  | 255.255.255.0 |   enp0s3  |   U   |
[   11.746407] cloud-init[1067]: ci-info: |   2   | 192.168.83.0 | 0.0.0.0  | 255.255.255.0 |   enp0s8  |   U   |
[   11.759935] cloud-init[1067]: ci-info: +-------+--------------+----------+---------------+-----------+-------+
[   11.768804] cloud-init[1067]: ci-info: +++++++++++++++++++Route IPv6 info+++++++++++++++++++
[   11.777053] cloud-init[1067]: ci-info: +-------+-------------+---------+-----------+-------+
[   11.785769] cloud-init[1067]: ci-info: | Route | Destination | Gateway | Interface | Flags |
[   11.790947] cloud-init[1067]: ci-info: +-------+-------------+---------+-----------+-------+
[   11.799171] [[0;32m  OK  [0m] Started Initial cloud-init job (metadata service crawler).
[[0;32m  OK  [0mcloud-init[1067]: ci-info: |   0   |  fe80::/64  |    ::   |   enp0s8  |   U   |
[   11.805241] cloud-init[1067]: ci-info: |   1   |  fe80::/64  |    ::   |   enp0s3  |   U   |
[   11.805384] cloud-init[1067]: ci-info: |   4   |   ff00::/8  |    ::   |   enp0s8  |   U   |
[   11.805546] cloud-init[1067]: ci-info: |   5   |   ff00::/8  |    ::   |   enp0s3  |   U   |
[   11.805672] cloud-init[1067]: ci-info: +-------+-------------+---------+-----------+-------+
] Reached target System Initialization.
[[0;32m  OK  [0m] Listening on ACPID Listen Socket.
[[0;32m  OK  [0m] Started Daily apt download activities.
         Starting Socket activation for snappy daemon.
[[0;32m  OK  [0m] Listening on D-Bus System Message Bus Socket.
         Starting LXD - unix socket.
[[0;32m  OK  [0m] Started Daily Cleanup of Temporary Directories.
[[0;32m  OK  [0m] Listening on UUID daemon activation socket.
[[0;32m  OK  [0m] Started Daily apt upgrade and clean activities.
[[0;32m  OK  [0m] Reached target Timers.
[[0;32m  OK  [0m] Started ACPI Events Check.
[[0;32m  OK  [0m] Reached target Paths.
[[0;32m  OK  [0m] Reached target Cloud-config availability.
[[0;32m  OK  [0m] Reached target Network is Online.
         Starting iSCSI initiator daemon (iscsid)...
[[0;32m  OK  [0m] Listening on Socket activation for snappy daemon.
[[0;32m  OK  [0m] Listening on LXD - unix socket.
[[0;32m  OK  [0m] Started iSCSI initiator daemon (iscsid).
         Starting Login to default iSCSI targets...
[[0;32m  OK  [0m] Reached target Sockets.
[[0;32m  OK  [0m] Reached target Basic System.
         Starting LSB: Record successful boot for GRUB...
[[0;32m  OK  [0m] Started Unattended Upgrades Shutdown.
[[0;32m  OK  [0m] Started D-Bus System Message Bus.
         Starting Snappy daemon...
         Starting LXD - container startup/shutdown...
[[0;32m  OK  [0m] Started FUSE filesystem for LXC.
         Starting System Logging Service...
[[0;32m  OK  [0m] Started ACPI event daemon.
         Starting Login Service...
         Starting OpenBSD Secure Shell server...
[[0;32m  OK  [0m] Started Deferred execution scheduler.
         Starting LSB: MD monitoring daemon...
         Starting /etc/rc.local Compatibility...
         Starting Virtualbox guest utils...
[[0;32m  OK  [0m] Started Regular background program processing daemon.
         Starting Accounts Service...
[[0;32m  OK  [0m] Started /etc/rc.local Compatibility.
[[0;32m  OK  [0m] Started System Logging Service.
[[0;32m  OK  [0m] Started Login to default iSCSI targets.
[[0;32m  OK  [0m] Started LSB: Record successful boot for GRUB.
[[0;32m  OK  [0m] Started LXD - container startup/shutdown.
[[0;32m  OK  [0m] Started OpenBSD Secure Shell server.
[[0;32m  OK  [0m] Started LSB: MD monitoring daemon.
[[0;32m  OK  [0m] Started Snappy daemon.
[[0;32m  OK  [0m] Started Login Service.
         Starting Authenticate and Authorize Users to Run Privileged Tasks...
         Starting Wait until snapd is fully seeded...
[[0;32m  OK  [0m] Reached target Remote File Systems (Pre).
[[0;32m  OK  [0m] Reached target Remote File Systems.
         Starting Permit User Sessions...
         Starting LSB: automatic crash report generation...
         Starting LSB: Start and stop the mysql database server daemon...
         Starting LSB: Apache2 web server...
         Starting LSB: daemon to balance interrupts for SMP systems...
         Starting LSB: Set the CPU Frequency Scaling governor to "ondemand"...
[[0;32m  OK  [0m] Started Permit User Sessions.
[[0;32m  OK  [0m] Started Wait until snapd is fully seeded.
[[0;32m  OK  [0m] Started Authenticate and Authorize Users to Run Privileged Tasks.
         Starting Apply the settings specified in cloud-config...
         Starting Hold until boot process finishes up...
         Starting Terminate Plymouth Boot Screen...
[[0;32m  OK  [0m] Started Hold until boot process finishes up.
[[0;32m  OK  [0m] Started Terminate Plymouth Boot Screen.
[[0;32m  OK  [0m] Started Accounts Service.
[[0;32m  OK  [0m] Started LSB: Set the CPU Frequency Scaling governor to "ondemand".
         Starting Set console scheme...
[[0;32m  OK  [0m] Started Serial Getty on ttyS0.
[[0;32m  OK  [0m] Started Getty on tty1.
[[0;32m  OK  [0m] Reached target Login Prompts.
[[0;32m  OK  [0m] Started LSB: automatic crash report generation.
[[0;32m  OK  [0m] Started LSB: daemon to balance interrupts for SMP systems.
[[0;32m  OK  [0m] Started Set console scheme.
[[0;32m  OK  [0m] Created slice User Slice of vagrant.
         Starting User Manager for UID 1000...
[[0;32m  OK  [0m] Started Session 1 of user vagrant.
[[0;32m  OK  [0m] Started User Manager for UID 1000.
[[0;32m  OK  [0m] Started Virtualbox guest utils.
[   16.767342] cloud-init[1293]: Cloud-init v. 18.4-0ubuntu1~16.04.2 running 'modules:config' at Sun, 06 Jan 2019 17:29:21 +0000. Up 15.85 seconds.
[[0;32m  OK  [0m] Started Apply the settings specified in cloud-config.
[[0;32m  OK  [0m] Started LSB: Start and stop the mysql database server daemon.
[[0;32m  OK  [0m] Started LSB: Apache2 web server.
[[0;32m  OK  [0m] Reached target Multi-User System.
         Starting Execute cloud user/final scripts...
[[0;32m  OK  [0m] Reached target Graphical Interface.
         Starting Update UTMP about System Runlevel Changes...
[[0;32m  OK  [0m] Started Update UTMP about System Runlevel Changes.
[   19.700033] cloud-init[1730]: Cloud-init v. 18.4-0ubuntu1~16.04.2 running 'modules:final' at Sun, 06 Jan 2019 17:29:25 +0000. Up 19.37 seconds.
[   19.702549] cloud-init[1730]: Cloud-init v. 18.4-0ubuntu1~16.04.2 finished at Sun, 06 Jan 2019 17:29:25 +0000. Datasource DataSourceNoCloud [seed=/dev/sdb][dsmode=net].  Up 19.68 seconds

Ubuntu 16.04.5 LTS kouosl ttyS0

kouosl login: 